 
****************************************
Report : timing
        -path full
        -delay max
        -max_paths 1
Design : BOOTHMUL
Version: F-2011.09-SP3
Date   : Wed Jun 10 00:08:14 2020
****************************************

Operating Conditions: typical   Library: NangateOpenCellLibrary
Wire Load Model Mode: top

  Startpoint: B[0] (input port)
  Endpoint: P[63] (output port)
  Path Group: (none)
  Path Type: max

  Des/Clust/Port     Wire Load Model       Library
  ------------------------------------------------
  BOOTHMUL           5K_hvratio_1_1        NangateOpenCellLibrary

  Point                                    Incr       Path
  -----------------------------------------------------------
  input external delay                     0.00       0.00 r
  B[0] (in)                                0.00       0.00 r
  enc0/b[1] (ENC_0)                        0.00       0.00 r
  enc0/U141/Z (XOR2_X1)                    0.10       0.10 r
  enc0/U9/ZN (NAND2_X2)                    0.14       0.24 f
  enc0/U8/ZN (NAND2_X2)                    0.20       0.44 r
  enc0/U44/ZN (OAI221_X1)                  0.09       0.52 f
  enc0/vp[2] (ENC_0)                       0.00       0.52 f
  adder0/B[2] (RCA_0)                      0.00       0.52 f
  adder0/sumI_2/B (FA_526)                 0.00       0.52 f
  adder0/sumI_2/U4/Z (XOR2_X1)             0.09       0.61 f
  adder0/sumI_2/U3/Z (XOR2_X1)             0.08       0.70 f
  adder0/sumI_2/S (FA_526)                 0.00       0.70 f
  adder0/S[0] (RCA_0)                      0.00       0.70 f
  adders_0/A[0] (RCA_15)                   0.00       0.70 f
  adders_0/sum0/A (FA_495)                 0.00       0.70 f
  adders_0/sum0/U2/ZN (AOI22_X1)           0.05       0.75 r
  adders_0/sum0/U1/ZN (INV_X1)             0.03       0.78 f
  adders_0/sum0/Co (FA_495)                0.00       0.78 f
  adders_0/sumI_1/Ci (FA_494)              0.00       0.78 f
  adders_0/sumI_1/U2/ZN (AOI22_X1)         0.06       0.84 r
  adders_0/sumI_1/U1/ZN (INV_X1)           0.03       0.87 f
  adders_0/sumI_1/Co (FA_494)              0.00       0.87 f
  adders_0/sumI_2/Ci (FA_493)              0.00       0.87 f
  adders_0/sumI_2/U2/ZN (AOI22_X1)         0.06       0.93 r
  adders_0/sumI_2/U1/ZN (INV_X1)           0.03       0.96 f
  adders_0/sumI_2/Co (FA_493)              0.00       0.96 f
  adders_0/sumI_3/Ci (FA_492)              0.00       0.96 f
  adders_0/sumI_3/U2/ZN (AOI22_X1)         0.06       1.02 r
  adders_0/sumI_3/U1/ZN (INV_X1)           0.03       1.05 f
  adders_0/sumI_3/Co (FA_492)              0.00       1.05 f
  adders_0/sumI_4/Ci (FA_491)              0.00       1.05 f
  adders_0/sumI_4/U2/ZN (AOI22_X1)         0.06       1.11 r
  adders_0/sumI_4/U1/ZN (INV_X1)           0.03       1.14 f
  adders_0/sumI_4/Co (FA_491)              0.00       1.14 f
  adders_0/sumI_5/Ci (FA_490)              0.00       1.14 f
  adders_0/sumI_5/U2/ZN (AOI22_X1)         0.06       1.20 r
  adders_0/sumI_5/U1/ZN (INV_X1)           0.03       1.23 f
  adders_0/sumI_5/Co (FA_490)              0.00       1.23 f
  adders_0/sumI_6/Ci (FA_489)              0.00       1.23 f
  adders_0/sumI_6/U2/ZN (AOI22_X1)         0.06       1.29 r
  adders_0/sumI_6/U1/ZN (INV_X1)           0.03       1.32 f
  adders_0/sumI_6/Co (FA_489)              0.00       1.32 f
  adders_0/sumI_7/Ci (FA_488)              0.00       1.32 f
  adders_0/sumI_7/U2/ZN (AOI22_X1)         0.06       1.38 r
  adders_0/sumI_7/U1/ZN (INV_X1)           0.03       1.41 f
  adders_0/sumI_7/Co (FA_488)              0.00       1.41 f
  adders_0/sumI_8/Ci (FA_487)              0.00       1.41 f
  adders_0/sumI_8/U2/ZN (AOI22_X1)         0.06       1.47 r
  adders_0/sumI_8/U1/ZN (INV_X1)           0.03       1.50 f
  adders_0/sumI_8/Co (FA_487)              0.00       1.50 f
  adders_0/sumI_9/Ci (FA_486)              0.00       1.50 f
  adders_0/sumI_9/U2/ZN (AOI22_X1)         0.06       1.56 r
  adders_0/sumI_9/U1/ZN (INV_X1)           0.03       1.59 f
  adders_0/sumI_9/Co (FA_486)              0.00       1.59 f
  adders_0/sumI_10/Ci (FA_485)             0.00       1.59 f
  adders_0/sumI_10/U2/ZN (AOI22_X1)        0.06       1.65 r
  adders_0/sumI_10/U1/ZN (INV_X1)          0.03       1.68 f
  adders_0/sumI_10/Co (FA_485)             0.00       1.68 f
  adders_0/sumI_11/Ci (FA_484)             0.00       1.68 f
  adders_0/sumI_11/U2/ZN (AOI22_X1)        0.06       1.74 r
  adders_0/sumI_11/U1/ZN (INV_X1)          0.03       1.77 f
  adders_0/sumI_11/Co (FA_484)             0.00       1.77 f
  adders_0/sumI_12/Ci (FA_483)             0.00       1.77 f
  adders_0/sumI_12/U2/ZN (AOI22_X1)        0.06       1.83 r
  adders_0/sumI_12/U1/ZN (INV_X1)          0.03       1.86 f
  adders_0/sumI_12/Co (FA_483)             0.00       1.86 f
  adders_0/sumI_13/Ci (FA_482)             0.00       1.86 f
  adders_0/sumI_13/U2/ZN (AOI22_X1)        0.06       1.92 r
  adders_0/sumI_13/U1/ZN (INV_X1)          0.03       1.95 f
  adders_0/sumI_13/Co (FA_482)             0.00       1.95 f
  adders_0/sumI_14/Ci (FA_481)             0.00       1.95 f
  adders_0/sumI_14/U2/ZN (AOI22_X1)        0.06       2.01 r
  adders_0/sumI_14/U1/ZN (INV_X1)          0.03       2.04 f
  adders_0/sumI_14/Co (FA_481)             0.00       2.04 f
  adders_0/sumI_15/Ci (FA_480)             0.00       2.04 f
  adders_0/sumI_15/U2/ZN (AOI22_X1)        0.06       2.10 r
  adders_0/sumI_15/U1/ZN (INV_X1)          0.03       2.13 f
  adders_0/sumI_15/Co (FA_480)             0.00       2.13 f
  adders_0/sumI_16/Ci (FA_479)             0.00       2.13 f
  adders_0/sumI_16/U2/ZN (AOI22_X1)        0.06       2.19 r
  adders_0/sumI_16/U1/ZN (INV_X1)          0.03       2.22 f
  adders_0/sumI_16/Co (FA_479)             0.00       2.22 f
  adders_0/sumI_17/Ci (FA_478)             0.00       2.22 f
  adders_0/sumI_17/U2/ZN (AOI22_X1)        0.06       2.28 r
  adders_0/sumI_17/U1/ZN (INV_X1)          0.03       2.31 f
  adders_0/sumI_17/Co (FA_478)             0.00       2.31 f
  adders_0/sumI_18/Ci (FA_477)             0.00       2.31 f
  adders_0/sumI_18/U2/ZN (AOI22_X1)        0.06       2.37 r
  adders_0/sumI_18/U1/ZN (INV_X1)          0.03       2.40 f
  adders_0/sumI_18/Co (FA_477)             0.00       2.40 f
  adders_0/sumI_19/Ci (FA_476)             0.00       2.40 f
  adders_0/sumI_19/U2/ZN (AOI22_X1)        0.06       2.46 r
  adders_0/sumI_19/U1/ZN (INV_X1)          0.03       2.49 f
  adders_0/sumI_19/Co (FA_476)             0.00       2.49 f
  adders_0/sumI_20/Ci (FA_475)             0.00       2.49 f
  adders_0/sumI_20/U2/ZN (AOI22_X1)        0.06       2.55 r
  adders_0/sumI_20/U1/ZN (INV_X1)          0.03       2.58 f
  adders_0/sumI_20/Co (FA_475)             0.00       2.58 f
  adders_0/sumI_21/Ci (FA_474)             0.00       2.58 f
  adders_0/sumI_21/U2/ZN (AOI22_X1)        0.06       2.64 r
  adders_0/sumI_21/U1/ZN (INV_X1)          0.03       2.67 f
  adders_0/sumI_21/Co (FA_474)             0.00       2.67 f
  adders_0/sumI_22/Ci (FA_473)             0.00       2.67 f
  adders_0/sumI_22/U2/ZN (AOI22_X1)        0.06       2.73 r
  adders_0/sumI_22/U1/ZN (INV_X1)          0.03       2.76 f
  adders_0/sumI_22/Co (FA_473)             0.00       2.76 f
  adders_0/sumI_23/Ci (FA_472)             0.00       2.76 f
  adders_0/sumI_23/U2/ZN (AOI22_X1)        0.06       2.82 r
  adders_0/sumI_23/U1/ZN (INV_X1)          0.03       2.85 f
  adders_0/sumI_23/Co (FA_472)             0.00       2.85 f
  adders_0/sumI_24/Ci (FA_471)             0.00       2.85 f
  adders_0/sumI_24/U2/ZN (AOI22_X1)        0.06       2.91 r
  adders_0/sumI_24/U1/ZN (INV_X1)          0.03       2.94 f
  adders_0/sumI_24/Co (FA_471)             0.00       2.94 f
  adders_0/sumI_25/Ci (FA_470)             0.00       2.94 f
  adders_0/sumI_25/U2/ZN (AOI22_X1)        0.06       3.00 r
  adders_0/sumI_25/U1/ZN (INV_X1)          0.03       3.03 f
  adders_0/sumI_25/Co (FA_470)             0.00       3.03 f
  adders_0/sumI_26/Ci (FA_469)             0.00       3.03 f
  adders_0/sumI_26/U2/ZN (AOI22_X1)        0.06       3.09 r
  adders_0/sumI_26/U1/ZN (INV_X1)          0.03       3.12 f
  adders_0/sumI_26/Co (FA_469)             0.00       3.12 f
  adders_0/sumI_27/Ci (FA_468)             0.00       3.12 f
  adders_0/sumI_27/U2/ZN (AOI22_X1)        0.06       3.18 r
  adders_0/sumI_27/U1/ZN (INV_X1)          0.03       3.21 f
  adders_0/sumI_27/Co (FA_468)             0.00       3.21 f
  adders_0/sumI_28/Ci (FA_467)             0.00       3.21 f
  adders_0/sumI_28/U2/ZN (AOI22_X1)        0.06       3.27 r
  adders_0/sumI_28/U1/ZN (INV_X1)          0.03       3.30 f
  adders_0/sumI_28/Co (FA_467)             0.00       3.30 f
  adders_0/sumI_29/Ci (FA_466)             0.00       3.30 f
  adders_0/sumI_29/U2/ZN (AOI22_X1)        0.06       3.36 r
  adders_0/sumI_29/U1/ZN (INV_X1)          0.03       3.39 f
  adders_0/sumI_29/Co (FA_466)             0.00       3.39 f
  adders_0/sumI_30/Ci (FA_465)             0.00       3.39 f
  adders_0/sumI_30/U2/ZN (AOI22_X1)        0.06       3.45 r
  adders_0/sumI_30/U1/ZN (INV_X1)          0.03       3.48 f
  adders_0/sumI_30/Co (FA_465)             0.00       3.48 f
  adders_0/sumI_31/Ci (FA_464)             0.00       3.48 f
  adders_0/sumI_31/U2/ZN (AOI22_X1)        0.06       3.54 r
  adders_0/sumI_31/U1/ZN (INV_X1)          0.03       3.57 f
  adders_0/sumI_31/Co (FA_464)             0.00       3.57 f
  adders_0/sumTH/Ci (FA_463)               0.00       3.57 f
  adders_0/sumTH/U3/Z (XOR2_X1)            0.11       3.68 r
  adders_0/sumTH/S (FA_463)                0.00       3.68 r
  adders_0/S[30] (RCA_15)                  0.00       3.68 r
  adders_1/A[30] (RCA_14)                  0.00       3.68 r
  adders_1/sumI_30/A (FA_432)              0.00       3.68 r
  adders_1/sumI_30/U4/Z (XOR2_X1)          0.09       3.77 r
  adders_1/sumI_30/U2/ZN (AOI22_X1)        0.04       3.81 f
  adders_1/sumI_30/U1/ZN (INV_X1)          0.04       3.85 r
  adders_1/sumI_30/Co (FA_432)             0.00       3.85 r
  adders_1/sumI_31/Ci (FA_431)             0.00       3.85 r
  adders_1/sumI_31/U2/ZN (AOI22_X1)        0.04       3.89 f
  adders_1/sumI_31/U1/ZN (INV_X1)          0.04       3.93 r
  adders_1/sumI_31/Co (FA_431)             0.00       3.93 r
  adders_1/sumTH/Ci (FA_430)               0.00       3.93 r
  adders_1/sumTH/U3/Z (XOR2_X1)            0.13       4.05 r
  adders_1/sumTH/S (FA_430)                0.00       4.05 r
  adders_1/S[30] (RCA_14)                  0.00       4.05 r
  adders_2/A[30] (RCA_13)                  0.00       4.05 r
  adders_2/sumI_30/A (FA_399)              0.00       4.05 r
  adders_2/sumI_30/U4/Z (XOR2_X1)          0.09       4.15 r
  adders_2/sumI_30/U2/ZN (AOI22_X1)        0.04       4.19 f
  adders_2/sumI_30/U1/ZN (INV_X1)          0.04       4.23 r
  adders_2/sumI_30/Co (FA_399)             0.00       4.23 r
  adders_2/sumI_31/Ci (FA_398)             0.00       4.23 r
  adders_2/sumI_31/U2/ZN (AOI22_X1)        0.04       4.27 f
  adders_2/sumI_31/U1/ZN (INV_X1)          0.04       4.30 r
  adders_2/sumI_31/Co (FA_398)             0.00       4.30 r
  adders_2/sumTH/Ci (FA_397)               0.00       4.30 r
  adders_2/sumTH/U3/Z (XOR2_X1)            0.13       4.43 r
  adders_2/sumTH/S (FA_397)                0.00       4.43 r
  adders_2/S[30] (RCA_13)                  0.00       4.43 r
  adders_3/A[30] (RCA_12)                  0.00       4.43 r
  adders_3/sumI_30/A (FA_366)              0.00       4.43 r
  adders_3/sumI_30/U4/Z (XOR2_X1)          0.09       4.53 r
  adders_3/sumI_30/U2/ZN (AOI22_X1)        0.04       4.57 f
  adders_3/sumI_30/U1/ZN (INV_X1)          0.04       4.61 r
  adders_3/sumI_30/Co (FA_366)             0.00       4.61 r
  adders_3/sumI_31/Ci (FA_365)             0.00       4.61 r
  adders_3/sumI_31/U2/ZN (AOI22_X1)        0.04       4.64 f
  adders_3/sumI_31/U1/ZN (INV_X1)          0.04       4.68 r
  adders_3/sumI_31/Co (FA_365)             0.00       4.68 r
  adders_3/sumTH/Ci (FA_364)               0.00       4.68 r
  adders_3/sumTH/U3/Z (XOR2_X1)            0.13       4.81 r
  adders_3/sumTH/S (FA_364)                0.00       4.81 r
  adders_3/S[30] (RCA_12)                  0.00       4.81 r
  adders_4/A[30] (RCA_11)                  0.00       4.81 r
  adders_4/sumI_30/A (FA_333)              0.00       4.81 r
  adders_4/sumI_30/U4/Z (XOR2_X1)          0.09       4.90 r
  adders_4/sumI_30/U2/ZN (AOI22_X1)        0.04       4.95 f
  adders_4/sumI_30/U1/ZN (INV_X1)          0.04       4.98 r
  adders_4/sumI_30/Co (FA_333)             0.00       4.98 r
  adders_4/sumI_31/Ci (FA_332)             0.00       4.98 r
  adders_4/sumI_31/U2/ZN (AOI22_X1)        0.04       5.02 f
  adders_4/sumI_31/U1/ZN (INV_X1)          0.04       5.06 r
  adders_4/sumI_31/Co (FA_332)             0.00       5.06 r
  adders_4/sumTH/Ci (FA_331)               0.00       5.06 r
  adders_4/sumTH/U3/Z (XOR2_X1)            0.13       5.19 r
  adders_4/sumTH/S (FA_331)                0.00       5.19 r
  adders_4/S[30] (RCA_11)                  0.00       5.19 r
  adders_5/A[30] (RCA_10)                  0.00       5.19 r
  adders_5/sumI_30/A (FA_300)              0.00       5.19 r
  adders_5/sumI_30/U4/Z (XOR2_X1)          0.09       5.28 r
  adders_5/sumI_30/U2/ZN (AOI22_X1)        0.04       5.32 f
  adders_5/sumI_30/U1/ZN (INV_X1)          0.04       5.36 r
  adders_5/sumI_30/Co (FA_300)             0.00       5.36 r
  adders_5/sumI_31/Ci (FA_299)             0.00       5.36 r
  adders_5/sumI_31/U2/ZN (AOI22_X1)        0.04       5.40 f
  adders_5/sumI_31/U1/ZN (INV_X1)          0.04       5.44 r
  adders_5/sumI_31/Co (FA_299)             0.00       5.44 r
  adders_5/sumTH/Ci (FA_298)               0.00       5.44 r
  adders_5/sumTH/U3/Z (XOR2_X1)            0.13       5.56 r
  adders_5/sumTH/S (FA_298)                0.00       5.56 r
  adders_5/S[30] (RCA_10)                  0.00       5.56 r
  adders_6/A[30] (RCA_9)                   0.00       5.56 r
  adders_6/sumI_30/A (FA_267)              0.00       5.56 r
  adders_6/sumI_30/U4/Z (XOR2_X1)          0.09       5.66 r
  adders_6/sumI_30/U2/ZN (AOI22_X1)        0.04       5.70 f
  adders_6/sumI_30/U1/ZN (INV_X1)          0.04       5.74 r
  adders_6/sumI_30/Co (FA_267)             0.00       5.74 r
  adders_6/sumI_31/Ci (FA_266)             0.00       5.74 r
  adders_6/sumI_31/U2/ZN (AOI22_X1)        0.04       5.78 f
  adders_6/sumI_31/U1/ZN (INV_X1)          0.04       5.81 r
  adders_6/sumI_31/Co (FA_266)             0.00       5.81 r
  adders_6/sumTH/Ci (FA_265)               0.00       5.81 r
  adders_6/sumTH/U3/Z (XOR2_X1)            0.13       5.94 r
  adders_6/sumTH/S (FA_265)                0.00       5.94 r
  adders_6/S[30] (RCA_9)                   0.00       5.94 r
  adders_7/A[30] (RCA_8)                   0.00       5.94 r
  adders_7/sumI_30/A (FA_234)              0.00       5.94 r
  adders_7/sumI_30/U4/Z (XOR2_X1)          0.09       6.04 r
  adders_7/sumI_30/U2/ZN (AOI22_X1)        0.04       6.08 f
  adders_7/sumI_30/U1/ZN (INV_X1)          0.04       6.12 r
  adders_7/sumI_30/Co (FA_234)             0.00       6.12 r
  adders_7/sumI_31/Ci (FA_233)             0.00       6.12 r
  adders_7/sumI_31/U2/ZN (AOI22_X1)        0.04       6.15 f
  adders_7/sumI_31/U1/ZN (INV_X1)          0.04       6.19 r
  adders_7/sumI_31/Co (FA_233)             0.00       6.19 r
  adders_7/sumTH/Ci (FA_232)               0.00       6.19 r
  adders_7/sumTH/U3/Z (XOR2_X1)            0.13       6.32 r
  adders_7/sumTH/S (FA_232)                0.00       6.32 r
  adders_7/S[30] (RCA_8)                   0.00       6.32 r
  adders_8/A[30] (RCA_7)                   0.00       6.32 r
  adders_8/sumI_30/A (FA_201)              0.00       6.32 r
  adders_8/sumI_30/U4/Z (XOR2_X1)          0.09       6.41 r
  adders_8/sumI_30/U2/ZN (AOI22_X1)        0.04       6.46 f
  adders_8/sumI_30/U1/ZN (INV_X1)          0.04       6.49 r
  adders_8/sumI_30/Co (FA_201)             0.00       6.49 r
  adders_8/sumI_31/Ci (FA_200)             0.00       6.49 r
  adders_8/sumI_31/U2/ZN (AOI22_X1)        0.04       6.53 f
  adders_8/sumI_31/U1/ZN (INV_X1)          0.04       6.57 r
  adders_8/sumI_31/Co (FA_200)             0.00       6.57 r
  adders_8/sumTH/Ci (FA_199)               0.00       6.57 r
  adders_8/sumTH/U3/Z (XOR2_X1)            0.13       6.70 r
  adders_8/sumTH/S (FA_199)                0.00       6.70 r
  adders_8/S[30] (RCA_7)                   0.00       6.70 r
  adders_9/A[30] (RCA_6)                   0.00       6.70 r
  adders_9/sumI_30/A (FA_168)              0.00       6.70 r
  adders_9/sumI_30/U4/Z (XOR2_X1)          0.09       6.79 r
  adders_9/sumI_30/U2/ZN (AOI22_X1)        0.04       6.83 f
  adders_9/sumI_30/U1/ZN (INV_X1)          0.04       6.87 r
  adders_9/sumI_30/Co (FA_168)             0.00       6.87 r
  adders_9/sumI_31/Ci (FA_167)             0.00       6.87 r
  adders_9/sumI_31/U2/ZN (AOI22_X1)        0.04       6.91 f
  adders_9/sumI_31/U1/ZN (INV_X1)          0.04       6.95 r
  adders_9/sumI_31/Co (FA_167)             0.00       6.95 r
  adders_9/sumTH/Ci (FA_166)               0.00       6.95 r
  adders_9/sumTH/U3/Z (XOR2_X1)            0.13       7.07 r
  adders_9/sumTH/S (FA_166)                0.00       7.07 r
  adders_9/S[30] (RCA_6)                   0.00       7.07 r
  adders_10/A[30] (RCA_5)                  0.00       7.07 r
  adders_10/sumI_30/A (FA_135)             0.00       7.07 r
  adders_10/sumI_30/U4/Z (XOR2_X1)         0.09       7.17 r
  adders_10/sumI_30/U2/ZN (AOI22_X1)       0.04       7.21 f
  adders_10/sumI_30/U1/ZN (INV_X1)         0.04       7.25 r
  adders_10/sumI_30/Co (FA_135)            0.00       7.25 r
  adders_10/sumI_31/Ci (FA_134)            0.00       7.25 r
  adders_10/sumI_31/U2/ZN (AOI22_X1)       0.04       7.29 f
  adders_10/sumI_31/U1/ZN (INV_X1)         0.04       7.32 r
  adders_10/sumI_31/Co (FA_134)            0.00       7.32 r
  adders_10/sumTH/Ci (FA_133)              0.00       7.32 r
  adders_10/sumTH/U3/Z (XOR2_X1)           0.13       7.45 r
  adders_10/sumTH/S (FA_133)               0.00       7.45 r
  adders_10/S[30] (RCA_5)                  0.00       7.45 r
  adders_11/A[30] (RCA_4)                  0.00       7.45 r
  adders_11/sumI_30/A (FA_102)             0.00       7.45 r
  adders_11/sumI_30/U4/Z (XOR2_X1)         0.09       7.55 r
  adders_11/sumI_30/U2/ZN (AOI22_X1)       0.04       7.59 f
  adders_11/sumI_30/U1/ZN (INV_X1)         0.04       7.63 r
  adders_11/sumI_30/Co (FA_102)            0.00       7.63 r
  adders_11/sumI_31/Ci (FA_101)            0.00       7.63 r
  adders_11/sumI_31/U2/ZN (AOI22_X1)       0.04       7.66 f
  adders_11/sumI_31/U1/ZN (INV_X1)         0.04       7.70 r
  adders_11/sumI_31/Co (FA_101)            0.00       7.70 r
  adders_11/sumTH/Ci (FA_100)              0.00       7.70 r
  adders_11/sumTH/U3/Z (XOR2_X1)           0.13       7.83 r
  adders_11/sumTH/S (FA_100)               0.00       7.83 r
  adders_11/S[30] (RCA_4)                  0.00       7.83 r
  adders_12/A[30] (RCA_3)                  0.00       7.83 r
  adders_12/sumI_30/A (FA_69)              0.00       7.83 r
  adders_12/sumI_30/U4/Z (XOR2_X1)         0.09       7.92 r
  adders_12/sumI_30/U2/ZN (AOI22_X1)       0.04       7.97 f
  adders_12/sumI_30/U1/ZN (INV_X1)         0.04       8.00 r
  adders_12/sumI_30/Co (FA_69)             0.00       8.00 r
  adders_12/sumI_31/Ci (FA_68)             0.00       8.00 r
  adders_12/sumI_31/U2/ZN (AOI22_X1)       0.04       8.04 f
  adders_12/sumI_31/U1/ZN (INV_X1)         0.04       8.08 r
  adders_12/sumI_31/Co (FA_68)             0.00       8.08 r
  adders_12/sumTH/Ci (FA_67)               0.00       8.08 r
  adders_12/sumTH/U3/Z (XOR2_X1)           0.13       8.21 r
  adders_12/sumTH/S (FA_67)                0.00       8.21 r
  adders_12/S[30] (RCA_3)                  0.00       8.21 r
  adders_13/A[30] (RCA_2)                  0.00       8.21 r
  adders_13/sumI_30/A (FA_36)              0.00       8.21 r
  adders_13/sumI_30/U4/Z (XOR2_X1)         0.09       8.30 r
  adders_13/sumI_30/U2/ZN (AOI22_X1)       0.04       8.34 f
  adders_13/sumI_30/U1/ZN (INV_X1)         0.04       8.38 r
  adders_13/sumI_30/Co (FA_36)             0.00       8.38 r
  adders_13/sumI_31/Ci (FA_35)             0.00       8.38 r
  adders_13/sumI_31/U2/ZN (AOI22_X1)       0.04       8.42 f
  adders_13/sumI_31/U1/ZN (INV_X1)         0.04       8.46 r
  adders_13/sumI_31/Co (FA_35)             0.00       8.46 r
  adders_13/sumTH/Ci (FA_34)               0.00       8.46 r
  adders_13/sumTH/U3/Z (XOR2_X1)           0.13       8.58 r
  adders_13/sumTH/S (FA_34)                0.00       8.58 r
  adders_13/S[30] (RCA_2)                  0.00       8.58 r
  adders_14/A[30] (RCA_1)                  0.00       8.58 r
  adders_14/sumI_30/A (FA_3)               0.00       8.58 r
  adders_14/sumI_30/U4/Z (XOR2_X1)         0.09       8.68 r
  adders_14/sumI_30/U2/ZN (AOI22_X1)       0.04       8.72 f
  adders_14/sumI_30/U1/ZN (INV_X1)         0.04       8.76 r
  adders_14/sumI_30/Co (FA_3)              0.00       8.76 r
  adders_14/sumI_31/Ci (FA_2)              0.00       8.76 r
  adders_14/sumI_31/U2/ZN (AOI22_X1)       0.04       8.80 f
  adders_14/sumI_31/U1/ZN (INV_X1)         0.04       8.83 r
  adders_14/sumI_31/Co (FA_2)              0.00       8.83 r
  adders_14/sumTH/Ci (FA_1)                0.00       8.83 r
  adders_14/sumTH/U3/Z (XOR2_X1)           0.06       8.89 r
  adders_14/sumTH/S (FA_1)                 0.00       8.89 r
  adders_14/S[31] (RCA_1)                  0.00       8.89 r
  P[63] (out)                              0.00       8.90 r
  data arrival time                                   8.90
  -----------------------------------------------------------
  (Path is unconstrained)


1
